[     524ms] [WARNING] document.domain mutation is ignored because the surrounding agent cluster is origin-keyed. @ https://appstoreconnect.apple.com/access/static/js/container.a7b929ca427f25f3.js:1
[     601ms] [WARNING] Metrics config: No config provided via delegate or fetched via init(), using default/cached config values. @ https://appstoreconnect.apple.com/access/static/js/344.d09a59ff782b29d1.js:0
[    1092ms] [WARNING] <meta name="apple-mobile-web-app-capable" content="yes"> is deprecated. Please include <meta name="mobile-web-app-capable" content="yes"> @ https://appstoreconnect.apple.com/apps/6793616687/distribution/ios/version/inflight:0
[    3064ms] [WARNING] An array is needed to render meta tags @ https://appstoreconnect.apple.com/access/static/js/container.a7b929ca427f25f3.js:1
[    4022ms] [WARNING] eventQueue overflow, deleting LRU events: size is: 101 which is over max size: 100 @ https://appstoreconnect.apple.com/access/static/js/container.a7b929ca427f25f3.js:1
[    4022ms] [WARNING] eventQueue overflow, deleting LRU events: size is: 101 which is over max size: 100 @ https://appstoreconnect.apple.com/access/static/js/container.a7b929ca427f25f3.js:1
[    4048ms] [WARNING] eventQueue overflow, deleting LRU events: size is: 101 which is over max size: 100 @ https://appstoreconnect.apple.com/access/static/js/container.a7b929ca427f25f3.js:1
[    4048ms] [WARNING] eventQueue overflow, deleting LRU events: size is: 101 which is over max size: 100 @ https://appstoreconnect.apple.com/access/static/js/container.a7b929ca427f25f3.js:1
[    4053ms] [ERROR] Failed to load resource: the server responded with a status of 404 () @ https://appstoreconnect.apple.com/partials/app-store/js/date-fns-locale-de-index-js.da22cac8.js:0
[    4054ms] [WARNING] eventQueue overflow, deleting LRU events: size is: 101 which is over max size: 100 @ https://appstoreconnect.apple.com/access/static/js/container.a7b929ca427f25f3.js:1
[    4062ms] [WARNING] eventQueue overflow, deleting LRU events: size is: 101 which is over max size: 100 @ https://appstoreconnect.apple.com/access/static/js/container.a7b929ca427f25f3.js:1
[    4062ms] [WARNING] eventQueue overflow, deleting LRU events: size is: 101 which is over max size: 100 @ https://appstoreconnect.apple.com/access/static/js/container.a7b929ca427f25f3.js:1
[    4158ms] [WARNING] eventQueue overflow, deleting LRU events: size is: 101 which is over max size: 100 @ https://appstoreconnect.apple.com/access/static/js/container.a7b929ca427f25f3.js:1
[    4171ms] [WARNING] eventQueue overflow, deleting LRU events: size is: 101 which is over max size: 100 @ https://appstoreconnect.apple.com/access/static/js/container.a7b929ca427f25f3.js:1
[    4175ms] [WARNING] eventQueue overflow, deleting LRU events: size is: 101 which is over max size: 100 @ https://appstoreconnect.apple.com/access/static/js/container.a7b929ca427f25f3.js:1
[    4214ms] [WARNING] eventQueue overflow, deleting LRU events: size is: 101 which is over max size: 100 @ https://appstoreconnect.apple.com/access/static/js/container.a7b929ca427f25f3.js:1
[    4370ms] [WARNING] eventQueue overflow, deleting LRU events: size is: 101 which is over max size: 100 @ https://appstoreconnect.apple.com/access/static/js/container.a7b929ca427f25f3.js:1
[    4431ms] [WARNING] eventQueue overflow, deleting LRU events: size is: 101 which is over max size: 100 @ https://appstoreconnect.apple.com/access/static/js/container.a7b929ca427f25f3.js:1
[    4445ms] [WARNING] eventQueue overflow, deleting LRU events: size is: 101 which is over max size: 100 @ https://appstoreconnect.apple.com/access/static/js/container.a7b929ca427f25f3.js:1
[    4491ms] [WARNING] eventQueue overflow, deleting LRU events: size is: 101 which is over max size: 100 @ https://appstoreconnect.apple.com/access/static/js/container.a7b929ca427f25f3.js:1
[    4497ms] [WARNING] eventQueue overflow, deleting LRU events: size is: 101 which is over max size: 100 @ https://appstoreconnect.apple.com/access/static/js/container.a7b929ca427f25f3.js:1
[    4505ms] [WARNING] eventQueue overflow, deleting LRU events: size is: 101 which is over max size: 100 @ https://appstoreconnect.apple.com/access/static/js/container.a7b929ca427f25f3.js:1
[    4506ms] [WARNING] eventQueue overflow, deleting LRU events: size is: 101 which is over max size: 100 @ https://appstoreconnect.apple.com/access/static/js/container.a7b929ca427f25f3.js:1
[    4518ms] [WARNING] eventQueue overflow, deleting LRU events: size is: 101 which is over max size: 100 @ https://appstoreconnect.apple.com/access/static/js/container.a7b929ca427f25f3.js:1
[    4519ms] [WARNING] eventQueue overflow, deleting LRU events: size is: 101 which is over max size: 100 @ https://appstoreconnect.apple.com/access/static/js/container.a7b929ca427f25f3.js:1
[    4529ms] [WARNING] eventQueue overflow, deleting LRU events: size is: 101 which is over max size: 100 @ https://appstoreconnect.apple.com/access/static/js/container.a7b929ca427f25f3.js:1
[    4542ms] [WARNING] eventQueue overflow, deleting LRU events: size is: 101 which is over max size: 100 @ https://appstoreconnect.apple.com/access/static/js/container.a7b929ca427f25f3.js:1
[    4630ms] [WARNING] eventQueue overflow, deleting LRU events: size is: 101 which is over max size: 100 @ https://appstoreconnect.apple.com/access/static/js/container.a7b929ca427f25f3.js:1
[    4633ms] [WARNING] eventQueue overflow, deleting LRU events: size is: 101 which is over max size: 100 @ https://appstoreconnect.apple.com/access/static/js/container.a7b929ca427f25f3.js:1
[    4679ms] [WARNING] eventQueue overflow, deleting LRU events: size is: 101 which is over max size: 100 @ https://appstoreconnect.apple.com/access/static/js/container.a7b929ca427f25f3.js:1
[    4708ms] [WARNING] eventQueue overflow, deleting LRU events: size is: 101 which is over max size: 100 @ https://appstoreconnect.apple.com/access/static/js/container.a7b929ca427f25f3.js:1
[    4710ms] [WARNING] eventQueue overflow, deleting LRU events: size is: 101 which is over max size: 100 @ https://appstoreconnect.apple.com/access/static/js/container.a7b929ca427f25f3.js:1
[    4713ms] [WARNING] eventQueue overflow, deleting LRU events: size is: 101 which is over max size: 100 @ https://appstoreconnect.apple.com/access/static/js/container.a7b929ca427f25f3.js:1
[    4731ms] [WARNING] eventQueue overflow, deleting LRU events: size is: 101 which is over max size: 100 @ https://appstoreconnect.apple.com/access/static/js/container.a7b929ca427f25f3.js:1
[    4762ms] [WARNING] eventQueue overflow, deleting LRU events: size is: 101 which is over max size: 100 @ https://appstoreconnect.apple.com/access/static/js/container.a7b929ca427f25f3.js:1
[    4806ms] [WARNING] eventQueue overflow, deleting LRU events: size is: 101 which is over max size: 100 @ https://appstoreconnect.apple.com/access/static/js/container.a7b929ca427f25f3.js:1
[    4901ms] [WARNING] eventQueue overflow, deleting LRU events: size is: 101 which is over max size: 100 @ https://appstoreconnect.apple.com/access/static/js/container.a7b929ca427f25f3.js:1
[    5004ms] [WARNING] eventQueue overflow, deleting LRU events: size is: 101 which is over max size: 100 @ https://appstoreconnect.apple.com/access/static/js/container.a7b929ca427f25f3.js:1
[    5005ms] [WARNING] eventQueue overflow, deleting LRU events: size is: 101 which is over max size: 100 @ https://appstoreconnect.apple.com/access/static/js/container.a7b929ca427f25f3.js:1
[    5023ms] [WARNING] eventQueue overflow, deleting LRU events: size is: 101 which is over max size: 100 @ https://appstoreconnect.apple.com/access/static/js/container.a7b929ca427f25f3.js:1
[    5047ms] [WARNING] eventQueue overflow, deleting LRU events: size is: 101 which is over max size: 100 @ https://appstoreconnect.apple.com/access/static/js/container.a7b929ca427f25f3.js:1
[    5081ms] [WARNING] eventQueue overflow, deleting LRU events: size is: 101 which is over max size: 100 @ https://appstoreconnect.apple.com/access/static/js/container.a7b929ca427f25f3.js:1
[    5177ms] [WARNING] eventQueue overflow, deleting LRU events: size is: 101 which is over max size: 100 @ https://appstoreconnect.apple.com/access/static/js/container.a7b929ca427f25f3.js:1
[    5343ms] [WARNING] eventQueue overflow, deleting LRU events: size is: 101 which is over max size: 100 @ https://appstoreconnect.apple.com/access/static/js/container.a7b929ca427f25f3.js:1
[    5616ms] [WARNING] eventQueue overflow, deleting LRU events: size is: 101 which is over max size: 100 @ https://appstoreconnect.apple.com/access/static/js/container.a7b929ca427f25f3.js:1
[    5616ms] [WARNING] eventQueue overflow, deleting LRU events: size is: 101 which is over max size: 100 @ https://appstoreconnect.apple.com/access/static/js/container.a7b929ca427f25f3.js:1
[    5643ms] [WARNING] eventQueue overflow, deleting LRU events: size is: 101 which is over max size: 100 @ https://appstoreconnect.apple.com/access/static/js/container.a7b929ca427f25f3.js:1
[    5644ms] [WARNING] eventQueue overflow, deleting LRU events: size is: 101 which is over max size: 100 @ https://appstoreconnect.apple.com/access/static/js/container.a7b929ca427f25f3.js:1
[    5646ms] [WARNING] eventQueue overflow, deleting LRU events: size is: 101 which is over max size: 100 @ https://appstoreconnect.apple.com/access/static/js/container.a7b929ca427f25f3.js:1
[    5655ms] [WARNING] eventQueue overflow, deleting LRU events: size is: 101 which is over max size: 100 @ https://appstoreconnect.apple.com/access/static/js/container.a7b929ca427f25f3.js:1
[    5657ms] [WARNING] eventQueue overflow, deleting LRU events: size is: 101 which is over max size: 100 @ https://appstoreconnect.apple.com/access/static/js/container.a7b929ca427f25f3.js:1
[    5657ms] [WARNING] eventQueue overflow, deleting LRU events: size is: 101 which is over max size: 100 @ https://appstoreconnect.apple.com/access/static/js/container.a7b929ca427f25f3.js:1
[    5728ms] [WARNING] eventQueue overflow, deleting LRU events: size is: 101 which is over max size: 100 @ https://appstoreconnect.apple.com/access/static/js/container.a7b929ca427f25f3.js:1
[    5763ms] [WARNING] eventQueue overflow, deleting LRU events: size is: 101 which is over max size: 100 @ https://appstoreconnect.apple.com/access/static/js/container.a7b929ca427f25f3.js:1
[    5782ms] [WARNING] eventQueue overflow, deleting LRU events: size is: 101 which is over max size: 100 @ https://appstoreconnect.apple.com/access/static/js/container.a7b929ca427f25f3.js:1
[    5782ms] [WARNING] eventQueue overflow, deleting LRU events: size is: 101 which is over max size: 100 @ https://appstoreconnect.apple.com/access/static/js/container.a7b929ca427f25f3.js:1
[    5802ms] [WARNING] eventQueue overflow, deleting LRU events: size is: 101 which is over max size: 100 @ https://appstoreconnect.apple.com/access/static/js/container.a7b929ca427f25f3.js:1
[    5869ms] [WARNING] eventQueue overflow, deleting LRU events: size is: 101 which is over max size: 100 @ https://appstoreconnect.apple.com/access/static/js/container.a7b929ca427f25f3.js:1
[    5881ms] [WARNING] eventQueue overflow, deleting LRU events: size is: 101 which is over max size: 100 @ https://appstoreconnect.apple.com/access/static/js/container.a7b929ca427f25f3.js:1
[    5888ms] [WARNING] eventQueue overflow, deleting LRU events: size is: 101 which is over max size: 100 @ https://appstoreconnect.apple.com/access/static/js/container.a7b929ca427f25f3.js:1
[    5901ms] [WARNING] eventQueue overflow, deleting LRU events: size is: 101 which is over max size: 100 @ https://appstoreconnect.apple.com/access/static/js/container.a7b929ca427f25f3.js:1
[    5903ms] [WARNING] eventQueue overflow, deleting LRU events: size is: 101 which is over max size: 100 @ https://appstoreconnect.apple.com/access/static/js/container.a7b929ca427f25f3.js:1
[    5903ms] [WARNING] eventQueue overflow, deleting LRU events: size is: 101 which is over max size: 100 @ https://appstoreconnect.apple.com/access/static/js/container.a7b929ca427f25f3.js:1
[    5903ms] [WARNING] eventQueue overflow, deleting LRU events: size is: 101 which is over max size: 100 @ https://appstoreconnect.apple.com/access/static/js/container.a7b929ca427f25f3.js:1
[    5904ms] [WARNING] eventQueue overflow, deleting LRU events: size is: 101 which is over max size: 100 @ https://appstoreconnect.apple.com/access/static/js/container.a7b929ca427f25f3.js:1
[    5904ms] [WARNING] eventQueue overflow, deleting LRU events: size is: 101 which is over max size: 100 @ https://appstoreconnect.apple.com/access/static/js/container.a7b929ca427f25f3.js:1
[    6012ms] [WARNING] eventQueue overflow, deleting LRU events: size is: 101 which is over max size: 100 @ https://appstoreconnect.apple.com/access/static/js/container.a7b929ca427f25f3.js:1
[    6024ms] [WARNING] eventQueue overflow, deleting LRU events: size is: 101 which is over max size: 100 @ https://appstoreconnect.apple.com/access/static/js/container.a7b929ca427f25f3.js:1
[    6025ms] [WARNING] eventQueue overflow, deleting LRU events: size is: 101 which is over max size: 100 @ https://appstoreconnect.apple.com/access/static/js/container.a7b929ca427f25f3.js:1
[    6056ms] [WARNING] eventQueue overflow, deleting LRU events: size is: 101 which is over max size: 100 @ https://appstoreconnect.apple.com/access/static/js/container.a7b929ca427f25f3.js:1
[    6064ms] [WARNING] eventQueue overflow, deleting LRU events: size is: 101 which is over max size: 100 @ https://appstoreconnect.apple.com/access/static/js/container.a7b929ca427f25f3.js:1
[    6064ms] [WARNING] eventQueue overflow, deleting LRU events: size is: 101 which is over max size: 100 @ https://appstoreconnect.apple.com/access/static/js/container.a7b929ca427f25f3.js:1
[    6111ms] [WARNING] eventQueue overflow, deleting LRU events: size is: 101 which is over max size: 100 @ https://appstoreconnect.apple.com/access/static/js/container.a7b929ca427f25f3.js:1
[    6116ms] [WARNING] eventQueue overflow, deleting LRU events: size is: 101 which is over max size: 100 @ https://appstoreconnect.apple.com/access/static/js/container.a7b929ca427f25f3.js:1
[    6117ms] [WARNING] eventQueue overflow, deleting LRU events: size is: 101 which is over max size: 100 @ https://appstoreconnect.apple.com/access/static/js/container.a7b929ca427f25f3.js:1
[    6122ms] [WARNING] eventQueue overflow, deleting LRU events: size is: 101 which is over max size: 100 @ https://appstoreconnect.apple.com/access/static/js/container.a7b929ca427f25f3.js:1
[    6149ms] [WARNING] eventQueue overflow, deleting LRU events: size is: 101 which is over max size: 100 @ https://appstoreconnect.apple.com/access/static/js/container.a7b929ca427f25f3.js:1
[    6260ms] [WARNING] eventQueue overflow, deleting LRU events: size is: 101 which is over max size: 100 @ https://appstoreconnect.apple.com/access/static/js/container.a7b929ca427f25f3.js:1
[    6461ms] [WARNING] eventQueue overflow, deleting LRU events: size is: 101 which is over max size: 100 @ https://appstoreconnect.apple.com/access/static/js/container.a7b929ca427f25f3.js:1
[    6461ms] [WARNING] eventQueue overflow, deleting LRU events: size is: 101 which is over max size: 100 @ https://appstoreconnect.apple.com/access/static/js/container.a7b929ca427f25f3.js:1
[    6465ms] [WARNING] eventQueue overflow, deleting LRU events: size is: 101 which is over max size: 100 @ https://appstoreconnect.apple.com/access/static/js/container.a7b929ca427f25f3.js:1
[    6507ms] [WARNING] eventQueue overflow, deleting LRU events: size is: 101 which is over max size: 100 @ https://appstoreconnect.apple.com/access/static/js/container.a7b929ca427f25f3.js:1
[    6510ms] [WARNING] eventQueue overflow, deleting LRU events: size is: 101 which is over max size: 100 @ https://appstoreconnect.apple.com/access/static/js/container.a7b929ca427f25f3.js:1
[    6510ms] [WARNING] eventQueue overflow, deleting LRU events: size is: 101 which is over max size: 100 @ https://appstoreconnect.apple.com/access/static/js/container.a7b929ca427f25f3.js:1
[    6542ms] [WARNING] eventQueue overflow, deleting LRU events: size is: 101 which is over max size: 100 @ https://appstoreconnect.apple.com/access/static/js/container.a7b929ca427f25f3.js:1
[    6544ms] [WARNING] eventQueue overflow, deleting LRU events: size is: 101 which is over max size: 100 @ https://appstoreconnect.apple.com/access/static/js/container.a7b929ca427f25f3.js:1
[    6559ms] [WARNING] eventQueue overflow, deleting LRU events: size is: 101 which is over max size: 100 @ https://appstoreconnect.apple.com/access/static/js/container.a7b929ca427f25f3.js:1
[    6559ms] [WARNING] eventQueue overflow, deleting LRU events: size is: 101 which is over max size: 100 @ https://appstoreconnect.apple.com/access/static/js/container.a7b929ca427f25f3.js:1
[    6559ms] [WARNING] eventQueue overflow, deleting LRU events: size is: 101 which is over max size: 100 @ https://appstoreconnect.apple.com/access/static/js/container.a7b929ca427f25f3.js:1
[    6559ms] [WARNING] eventQueue overflow, deleting LRU events: size is: 101 which is over max size: 100 @ https://appstoreconnect.apple.com/access/static/js/container.a7b929ca427f25f3.js:1
[    6627ms] [WARNING] eventQueue overflow, deleting LRU events: size is: 101 which is over max size: 100 @ https://appstoreconnect.apple.com/access/static/js/container.a7b929ca427f25f3.js:1
[    6722ms] [WARNING] eventQueue overflow, deleting LRU events: size is: 101 which is over max size: 100 @ https://appstoreconnect.apple.com/access/static/js/container.a7b929ca427f25f3.js:1
[    6737ms] [WARNING] eventQueue overflow, deleting LRU events: size is: 101 which is over max size: 100 @ https://appstoreconnect.apple.com/access/static/js/container.a7b929ca427f25f3.js:1
[    6888ms] [WARNING] eventQueue overflow, deleting LRU events: size is: 101 which is over max size: 100 @ https://appstoreconnect.apple.com/access/static/js/container.a7b929ca427f25f3.js:1
[    6947ms] [WARNING] eventQueue overflow, deleting LRU events: size is: 101 which is over max size: 100 @ https://appstoreconnect.apple.com/access/static/js/container.a7b929ca427f25f3.js:1
[    7515ms] [WARNING] eventQueue overflow, deleting LRU events: size is: 101 which is over max size: 100 @ https://appstoreconnect.apple.com/access/static/js/container.a7b929ca427f25f3.js:1
[ 8423888ms] [ERROR] Failed to load resource: net::ERR_FAILED @ https://appstoreconnect.apple.com/iris/v1/apps/6793616687/reviewSubmissions?include=appStoreVersionForReview,items,lastUpdatedByActor,submittedByActor,createdByActor&limit=2000&limit[items]=0&filter[state]=READY_FOR_REVIEW,WAITING_FOR_REVIEW,IN_REVIEW,UNRESOLVED_ISSUES,CANCELING,COMPLETING:0
[ 8423908ms] [ERROR] Failed to load resource: net::ERR_FAILED @ https://appstoreconnect.apple.com/partials/app-store/css/f7dab3ee.9dcfcd00.css:0
[ 8432163ms] [ERROR] Failed to load resource: net::ERR_FAILED @ https://xp.apple.com/report/2/xp_amp_itc_perf:0
[ 8452175ms] [ERROR] Failed to load resource: net::ERR_FAILED @ https://xp.apple.com/report/2/xp_amp_itc_perf:0
[ 8492186ms] [ERROR] Failed to load resource: net::ERR_FAILED @ https://xp.apple.com/report/2/xp_amp_itc_perf:0
[ 8572193ms] [ERROR] Failed to load resource: net::ERR_FAILED @ https://xp.apple.com/report/2/xp_amp_itc_perf:0
[ 8723898ms] [ERROR] Failed to load resource: net::ERR_FAILED @ https://appstoreconnect.apple.com/iris/v1/apps/6793616687/reviewSubmissions?include=appStoreVersionForReview,items,lastUpdatedByActor,submittedByActor,createdByActor&limit=2000&limit[items]=0&filter[state]=READY_FOR_REVIEW,WAITING_FOR_REVIEW,IN_REVIEW,UNRESOLVED_ISSUES,CANCELING,COMPLETING:0
[ 8723915ms] [ERROR] Failed to load resource: net::ERR_FAILED @ https://appstoreconnect.apple.com/partials/app-store/css/f7dab3ee.9dcfcd00.css:0
[ 8732206ms] [ERROR] Failed to load resource: net::ERR_FAILED @ https://xp.apple.com/report/2/xp_amp_itc_perf:0
[ 9023913ms] [ERROR] Failed to load resource: net::ERR_FAILED @ https://appstoreconnect.apple.com/iris/v1/apps/6793616687/reviewSubmissions?include=appStoreVersionForReview,items,lastUpdatedByActor,submittedByActor,createdByActor&limit=2000&limit[items]=0&filter[state]=READY_FOR_REVIEW,WAITING_FOR_REVIEW,IN_REVIEW,UNRESOLVED_ISSUES,CANCELING,COMPLETING:0
[ 9023931ms] [ERROR] Failed to load resource: net::ERR_FAILED @ https://appstoreconnect.apple.com/partials/app-store/css/f7dab3ee.9dcfcd00.css:0
[ 9052221ms] [ERROR] Failed to load resource: net::ERR_FAILED @ https://xp.apple.com/report/2/xp_amp_itc_perf:0
[ 9323906ms] [ERROR] Failed to load resource: net::ERR_FAILED @ https://appstoreconnect.apple.com/iris/v1/apps/6793616687/reviewSubmissions?include=appStoreVersionForReview,items,lastUpdatedByActor,submittedByActor,createdByActor&limit=2000&limit[items]=0&filter[state]=READY_FOR_REVIEW,WAITING_FOR_REVIEW,IN_REVIEW,UNRESOLVED_ISSUES,CANCELING,COMPLETING:0
[ 9323927ms] [ERROR] Failed to load resource: net::ERR_FAILED @ https://appstoreconnect.apple.com/partials/app-store/css/f7dab3ee.9dcfcd00.css:0
[ 9623929ms] [ERROR] Failed to load resource: net::ERR_FAILED @ https://appstoreconnect.apple.com/iris/v1/apps/6793616687/reviewSubmissions?include=appStoreVersionForReview,items,lastUpdatedByActor,submittedByActor,createdByActor&limit=2000&limit[items]=0&filter[state]=READY_FOR_REVIEW,WAITING_FOR_REVIEW,IN_REVIEW,UNRESOLVED_ISSUES,CANCELING,COMPLETING:0
[ 9623947ms] [ERROR] Failed to load resource: net::ERR_FAILED @ https://appstoreconnect.apple.com/partials/app-store/css/f7dab3ee.9dcfcd00.css:0
[ 9692239ms] [ERROR] Failed to load resource: net::ERR_FAILED @ https://xp.apple.com/report/2/xp_amp_itc_perf:0
[ 9923927ms] [ERROR] Failed to load resource: net::ERR_FAILED @ https://appstoreconnect.apple.com/iris/v1/apps/6793616687/reviewSubmissions?include=appStoreVersionForReview,items,lastUpdatedByActor,submittedByActor,createdByActor&limit=2000&limit[items]=0&filter[state]=READY_FOR_REVIEW,WAITING_FOR_REVIEW,IN_REVIEW,UNRESOLVED_ISSUES,CANCELING,COMPLETING:0
[ 9923945ms] [ERROR] Failed to load resource: net::ERR_FAILED @ https://appstoreconnect.apple.com/partials/app-store/css/f7dab3ee.9dcfcd00.css:0
[10223911ms] [ERROR] Failed to load resource: net::ERR_FAILED @ https://appstoreconnect.apple.com/iris/v1/apps/6793616687/reviewSubmissions?include=appStoreVersionForReview,items,lastUpdatedByActor,submittedByActor,createdByActor&limit=2000&limit[items]=0&filter[state]=READY_FOR_REVIEW,WAITING_FOR_REVIEW,IN_REVIEW,UNRESOLVED_ISSUES,CANCELING,COMPLETING:0
[10223932ms] [ERROR] Failed to load resource: net::ERR_FAILED @ https://appstoreconnect.apple.com/partials/app-store/css/f7dab3ee.9dcfcd00.css:0
[10523946ms] [ERROR] Failed to load resource: net::ERR_FAILED @ https://appstoreconnect.apple.com/iris/v1/apps/6793616687/reviewSubmissions?include=appStoreVersionForReview,items,lastUpdatedByActor,submittedByActor,createdByActor&limit=2000&limit[items]=0&filter[state]=READY_FOR_REVIEW,WAITING_FOR_REVIEW,IN_REVIEW,UNRESOLVED_ISSUES,CANCELING,COMPLETING:0
[10523963ms] [ERROR] Failed to load resource: net::ERR_FAILED @ https://appstoreconnect.apple.com/partials/app-store/css/f7dab3ee.9dcfcd00.css:0
[30078276ms] [ERROR] Failed to load resource: the server responded with a status of 401 () @ https://appstoreconnect.apple.com/iris/v1/apps/6793616687/reviewSubmissions?include=appStoreVersionForReview,items,lastUpdatedByActor,submittedByActor,createdByActor&limit=2000&limit[items]=0&filter[state]=READY_FOR_REVIEW,WAITING_FOR_REVIEW,IN_REVIEW,UNRESOLVED_ISSUES,CANCELING,COMPLETING:0
[30082873ms] [WARNING] An array is needed to render meta tags @ https://unpkg.apple.com/@maison/maison@3.2.6/umd/maison.mjs:0
[30084072ms] [INFO] Slow network is detected. See https://www.chromestatus.com/feature/5636954674692096 for more details. Fallback font will be used while loading: https://www.apple.com/wss/fonts/SF-Pro-Icons/v3/sf-pro-icons_regular.woff2 @ https://appleid.cdn-apple.com/appleauth/static/module-assets/home-6eca9d40965c5aac3f69.js:1
[30084072ms] [INFO] Slow network is detected. See https://www.chromestatus.com/feature/5636954674692096 for more details. Fallback font will be used while loading: https://www.apple.com/wss/fonts/SF-Pro-Display/v3/sf-pro-display_regular.woff2 @ https://appleid.cdn-apple.com/appleauth/static/module-assets/home-6eca9d40965c5aac3f69.js:1
[30084258ms] [INFO] Slow network is detected. See https://www.chromestatus.com/feature/5636954674692096 for more details. Fallback font will be used while loading: https://www.apple.com/wss/fonts/SF-Pro-Text/v3/sf-pro-text_regular.woff2 @ https://appleid.cdn-apple.com/appleauth/static/jsj/N312349112/widget/auth/app-message.js:217
[30084355ms] [VERBOSE] [DOM] Password field is not contained in a form: (More info: https://goo.gl/9p2vKq) %o @ https://idmsa.apple.com/appleauth/auth/signin?widgetKey=e0b80c3bf78523bfe80974d320935bfa30add02e1bff88ec2166c6bd5a706c42&language=en_US&iframeId=auth-iofnkgfu-xsyw-nqwz-4djo-kbkjlqsd&authVersion=latest:0
