[    2702ms] [WARNING] An array is needed to render meta tags @ https://unpkg.apple.com/@maison/maison@3.2.6/umd/maison.mjs:0
[    4478ms] [VERBOSE] [DOM] Password field is not contained in a form: (More info: https://goo.gl/9p2vKq) %o @ https://idmsa.apple.com/appleauth/auth/signin?widgetKey=e0b80c3bf78523bfe80974d320935bfa30add02e1bff88ec2166c6bd5a706c42&language=en_US&iframeId=auth-phgg4cq0-1uul-2v05-d62h-2g1nrpdz&authVersion=latest:0
[   21316ms] [ERROR] Failed to load resource: the server responded with a status of 409 () @ https://idmsa.apple.com/appleauth/auth/signin/complete?isRememberMeEnabled=false:0
[   37500ms] [WARNING] document.domain mutation is ignored because the surrounding agent cluster is origin-keyed. @ https://appstoreconnect.apple.com/access/static/js/container.a7b929ca427f25f3.js:1
[   37604ms] [WARNING] Metrics config: No config provided via delegate or fetched via init(), using default/cached config values. @ https://appstoreconnect.apple.com/access/static/js/344.d09a59ff782b29d1.js:0
[   38007ms] [WARNING] <meta name="apple-mobile-web-app-capable" content="yes"> is deprecated. Please include <meta name="mobile-web-app-capable" content="yes"> @ https://appstoreconnect.apple.com/?authResult=FAILED&rpf=%2Fapps%2F6793616687%2Fdistribution%2Fios%2Fversion%2Finflight:0
[   38723ms] [ERROR] error in mw dispatch or next call, probably in middlware/reducer/render fn: TypeError: Failed to execute 'removeChild' on 'Node': parameter 1 is not of type 'Node'.
    at t.value (https://appstoreconnect.apple.com/access/static/js/container.a7b929ca427f25f3.js:2:271686)
    at _ (https://appstoreconnect.apple.com/access/static/js/container.a7b929ca427f25f3.js:2:274242)
    at https://appstoreconnect.apple.com/access/static/js/container.a7b929ca427f25f3.js:2:278235
    at h (https://appstoreconnect.apple.com/access/static/js/container.a7b929ca427f25f3.js:2:173959)
    at e._next (https://appstoreconnect.apple.com/access/static/js/container.a7b929ca427f25f3.js:2:216478)
    at e.__tryOrUnsub (https://appstoreconnect.apple.com/access/static/js/container.a7b929ca427f25f3.js:2:180811)
    at e.next (https://appstoreconnect.apple.com/access/static/js/container.a7b929ca427f25f3.js:2:179980)
    at e._next (https://appstoreconnect.apple.com/access/static/js/container.a7b929ca427f25f3.js:2:179084)
    at e.next (https://appstoreconnect.apple.com/access/static/js/container.a7b929ca427f25f3.js:2:178755)
    at e.notifyNext (https://appstoreconnect.apple.com/access/static/js/container.a7b929ca427f25f3.js:2:196091) @ https://appstoreconnect.apple.com/access/static/js/container.a7b929ca427f25f3.js:1
[   38736ms] [WARNING] An array is needed to render meta tags @ https://appstoreconnect.apple.com/access/static/js/container.a7b929ca427f25f3.js:1
[   42846ms] [ERROR] Failed to load resource: the server responded with a status of 404 () @ https://appstoreconnect.apple.com/partials/app-store/js/date-fns-locale-de-index-js.da22cac8.js:0
[   42904ms] [WARNING] eventQueue overflow, deleting LRU events: size is: 101 which is over max size: 100 @ https://appstoreconnect.apple.com/access/static/js/container.a7b929ca427f25f3.js:1
[   43119ms] [WARNING] eventQueue overflow, deleting LRU events: size is: 101 which is over max size: 100 @ https://appstoreconnect.apple.com/access/static/js/container.a7b929ca427f25f3.js:1
[   43119ms] [WARNING] eventQueue overflow, deleting LRU events: size is: 101 which is over max size: 100 @ https://appstoreconnect.apple.com/access/static/js/container.a7b929ca427f25f3.js:1
[   43119ms] [WARNING] eventQueue overflow, deleting LRU events: size is: 101 which is over max size: 100 @ https://appstoreconnect.apple.com/access/static/js/container.a7b929ca427f25f3.js:1
[   43119ms] [WARNING] eventQueue overflow, deleting LRU events: size is: 101 which is over max size: 100 @ https://appstoreconnect.apple.com/access/static/js/container.a7b929ca427f25f3.js:1
[   43119ms] [WARNING] eventQueue overflow, deleting LRU events: size is: 101 which is over max size: 100 @ https://appstoreconnect.apple.com/access/static/js/container.a7b929ca427f25f3.js:1
[   43119ms] [WARNING] eventQueue overflow, deleting LRU events: size is: 101 which is over max size: 100 @ https://appstoreconnect.apple.com/access/static/js/container.a7b929ca427f25f3.js:1
[   43119ms] [WARNING] eventQueue overflow, deleting LRU events: size is: 101 which is over max size: 100 @ https://appstoreconnect.apple.com/access/static/js/container.a7b929ca427f25f3.js:1
[   43120ms] [WARNING] eventQueue overflow, deleting LRU events: size is: 101 which is over max size: 100 @ https://appstoreconnect.apple.com/access/static/js/container.a7b929ca427f25f3.js:1
[   43120ms] [WARNING] eventQueue overflow, deleting LRU events: size is: 101 which is over max size: 100 @ https://appstoreconnect.apple.com/access/static/js/container.a7b929ca427f25f3.js:1
[   43120ms] [WARNING] eventQueue overflow, deleting LRU events: size is: 101 which is over max size: 100 @ https://appstoreconnect.apple.com/access/static/js/container.a7b929ca427f25f3.js:1
[   43185ms] [WARNING] eventQueue overflow, deleting LRU events: size is: 101 which is over max size: 100 @ https://appstoreconnect.apple.com/access/static/js/container.a7b929ca427f25f3.js:1
[   43227ms] [WARNING] eventQueue overflow, deleting LRU events: size is: 101 which is over max size: 100 @ https://appstoreconnect.apple.com/access/static/js/container.a7b929ca427f25f3.js:1
[   43228ms] [WARNING] eventQueue overflow, deleting LRU events: size is: 101 which is over max size: 100 @ https://appstoreconnect.apple.com/access/static/js/container.a7b929ca427f25f3.js:1
[   43246ms] [WARNING] eventQueue overflow, deleting LRU events: size is: 101 which is over max size: 100 @ https://appstoreconnect.apple.com/access/static/js/container.a7b929ca427f25f3.js:1
[   43246ms] [WARNING] eventQueue overflow, deleting LRU events: size is: 101 which is over max size: 100 @ https://appstoreconnect.apple.com/access/static/js/container.a7b929ca427f25f3.js:1
[   43259ms] [WARNING] eventQueue overflow, deleting LRU events: size is: 101 which is over max size: 100 @ https://appstoreconnect.apple.com/access/static/js/container.a7b929ca427f25f3.js:1
[   43286ms] [WARNING] eventQueue overflow, deleting LRU events: size is: 101 which is over max size: 100 @ https://appstoreconnect.apple.com/access/static/js/container.a7b929ca427f25f3.js:1
[   43314ms] [WARNING] eventQueue overflow, deleting LRU events: size is: 101 which is over max size: 100 @ https://appstoreconnect.apple.com/access/static/js/container.a7b929ca427f25f3.js:1
[   43330ms] [ERROR] Failed to load resource: the server responded with a status of 404 () @ https://appstoreconnect.apple.com/partials/app-store/js/date-fns-locale-de-index-js.da22cac8.js:0
[   43330ms] [WARNING] eventQueue overflow, deleting LRU events: size is: 101 which is over max size: 100 @ https://appstoreconnect.apple.com/access/static/js/container.a7b929ca427f25f3.js:1
[   43332ms] [WARNING] eventQueue overflow, deleting LRU events: size is: 101 which is over max size: 100 @ https://appstoreconnect.apple.com/access/static/js/container.a7b929ca427f25f3.js:1
[   43340ms] [WARNING] eventQueue overflow, deleting LRU events: size is: 101 which is over max size: 100 @ https://appstoreconnect.apple.com/access/static/js/container.a7b929ca427f25f3.js:1
[   43388ms] [WARNING] eventQueue overflow, deleting LRU events: size is: 101 which is over max size: 100 @ https://appstoreconnect.apple.com/access/static/js/container.a7b929ca427f25f3.js:1
[   43393ms] [WARNING] eventQueue overflow, deleting LRU events: size is: 101 which is over max size: 100 @ https://appstoreconnect.apple.com/access/static/js/container.a7b929ca427f25f3.js:1
[   43399ms] [WARNING] eventQueue overflow, deleting LRU events: size is: 101 which is over max size: 100 @ https://appstoreconnect.apple.com/access/static/js/container.a7b929ca427f25f3.js:1
[   43445ms] [WARNING] eventQueue overflow, deleting LRU events: size is: 101 which is over max size: 100 @ https://appstoreconnect.apple.com/access/static/js/container.a7b929ca427f25f3.js:1
[   43460ms] [WARNING] eventQueue overflow, deleting LRU events: size is: 101 which is over max size: 100 @ https://appstoreconnect.apple.com/access/static/js/container.a7b929ca427f25f3.js:1
[   43468ms] [WARNING] eventQueue overflow, deleting LRU events: size is: 101 which is over max size: 100 @ https://appstoreconnect.apple.com/access/static/js/container.a7b929ca427f25f3.js:1
[   43497ms] [WARNING] eventQueue overflow, deleting LRU events: size is: 101 which is over max size: 100 @ https://appstoreconnect.apple.com/access/static/js/container.a7b929ca427f25f3.js:1
[   43547ms] [WARNING] eventQueue overflow, deleting LRU events: size is: 101 which is over max size: 100 @ https://appstoreconnect.apple.com/access/static/js/container.a7b929ca427f25f3.js:1
[   43559ms] [WARNING] eventQueue overflow, deleting LRU events: size is: 101 which is over max size: 100 @ https://appstoreconnect.apple.com/access/static/js/container.a7b929ca427f25f3.js:1
[   43571ms] [WARNING] eventQueue overflow, deleting LRU events: size is: 101 which is over max size: 100 @ https://appstoreconnect.apple.com/access/static/js/container.a7b929ca427f25f3.js:1
[   43739ms] [WARNING] eventQueue overflow, deleting LRU events: size is: 101 which is over max size: 100 @ https://appstoreconnect.apple.com/access/static/js/container.a7b929ca427f25f3.js:1
[   43740ms] [WARNING] eventQueue overflow, deleting LRU events: size is: 101 which is over max size: 100 @ https://appstoreconnect.apple.com/access/static/js/container.a7b929ca427f25f3.js:1
[   43804ms] [WARNING] eventQueue overflow, deleting LRU events: size is: 101 which is over max size: 100 @ https://appstoreconnect.apple.com/access/static/js/container.a7b929ca427f25f3.js:1
[   44013ms] [WARNING] eventQueue overflow, deleting LRU events: size is: 101 which is over max size: 100 @ https://appstoreconnect.apple.com/access/static/js/container.a7b929ca427f25f3.js:1
[   45149ms] [WARNING] eventQueue overflow, deleting LRU events: size is: 101 which is over max size: 100 @ https://appstoreconnect.apple.com/access/static/js/container.a7b929ca427f25f3.js:1
[   45586ms] [WARNING] eventQueue overflow, deleting LRU events: size is: 101 which is over max size: 100 @ https://appstoreconnect.apple.com/access/static/js/container.a7b929ca427f25f3.js:1
[   45681ms] [WARNING] eventQueue overflow, deleting LRU events: size is: 101 which is over max size: 100 @ https://appstoreconnect.apple.com/access/static/js/container.a7b929ca427f25f3.js:1
[   45683ms] [WARNING] eventQueue overflow, deleting LRU events: size is: 101 which is over max size: 100 @ https://appstoreconnect.apple.com/access/static/js/container.a7b929ca427f25f3.js:1
[   45683ms] [WARNING] eventQueue overflow, deleting LRU events: size is: 101 which is over max size: 100 @ https://appstoreconnect.apple.com/access/static/js/container.a7b929ca427f25f3.js:1
[   45683ms] [WARNING] eventQueue overflow, deleting LRU events: size is: 101 which is over max size: 100 @ https://appstoreconnect.apple.com/access/static/js/container.a7b929ca427f25f3.js:1
[   45697ms] [WARNING] eventQueue overflow, deleting LRU events: size is: 101 which is over max size: 100 @ https://appstoreconnect.apple.com/access/static/js/container.a7b929ca427f25f3.js:1
[   45697ms] [WARNING] eventQueue overflow, deleting LRU events: size is: 101 which is over max size: 100 @ https://appstoreconnect.apple.com/access/static/js/container.a7b929ca427f25f3.js:1
[   45887ms] [WARNING] eventQueue overflow, deleting LRU events: size is: 101 which is over max size: 100 @ https://appstoreconnect.apple.com/access/static/js/container.a7b929ca427f25f3.js:1
[   45946ms] [WARNING] eventQueue overflow, deleting LRU events: size is: 101 which is over max size: 100 @ https://appstoreconnect.apple.com/access/static/js/container.a7b929ca427f25f3.js:1
[   45949ms] [WARNING] eventQueue overflow, deleting LRU events: size is: 101 which is over max size: 100 @ https://appstoreconnect.apple.com/access/static/js/container.a7b929ca427f25f3.js:1
[   46001ms] [WARNING] eventQueue overflow, deleting LRU events: size is: 101 which is over max size: 100 @ https://appstoreconnect.apple.com/access/static/js/container.a7b929ca427f25f3.js:1
[   46001ms] [WARNING] eventQueue overflow, deleting LRU events: size is: 101 which is over max size: 100 @ https://appstoreconnect.apple.com/access/static/js/container.a7b929ca427f25f3.js:1
[   46006ms] [WARNING] eventQueue overflow, deleting LRU events: size is: 101 which is over max size: 100 @ https://appstoreconnect.apple.com/access/static/js/container.a7b929ca427f25f3.js:1
[   46006ms] [WARNING] eventQueue overflow, deleting LRU events: size is: 101 which is over max size: 100 @ https://appstoreconnect.apple.com/access/static/js/container.a7b929ca427f25f3.js:1
[   46006ms] [WARNING] eventQueue overflow, deleting LRU events: size is: 101 which is over max size: 100 @ https://appstoreconnect.apple.com/access/static/js/container.a7b929ca427f25f3.js:1
[   46006ms] [WARNING] eventQueue overflow, deleting LRU events: size is: 101 which is over max size: 100 @ https://appstoreconnect.apple.com/access/static/js/container.a7b929ca427f25f3.js:1
[   46007ms] [WARNING] eventQueue overflow, deleting LRU events: size is: 101 which is over max size: 100 @ https://appstoreconnect.apple.com/access/static/js/container.a7b929ca427f25f3.js:1
[   46080ms] [WARNING] eventQueue overflow, deleting LRU events: size is: 101 which is over max size: 100 @ https://appstoreconnect.apple.com/access/static/js/container.a7b929ca427f25f3.js:1
[   46081ms] [WARNING] eventQueue overflow, deleting LRU events: size is: 101 which is over max size: 100 @ https://appstoreconnect.apple.com/access/static/js/container.a7b929ca427f25f3.js:1
[   46081ms] [WARNING] eventQueue overflow, deleting LRU events: size is: 101 which is over max size: 100 @ https://appstoreconnect.apple.com/access/static/js/container.a7b929ca427f25f3.js:1
[   46179ms] [WARNING] eventQueue overflow, deleting LRU events: size is: 101 which is over max size: 100 @ https://appstoreconnect.apple.com/access/static/js/container.a7b929ca427f25f3.js:1
[   46194ms] [WARNING] eventQueue overflow, deleting LRU events: size is: 101 which is over max size: 100 @ https://appstoreconnect.apple.com/access/static/js/container.a7b929ca427f25f3.js:1
[   46208ms] [WARNING] eventQueue overflow, deleting LRU events: size is: 101 which is over max size: 100 @ https://appstoreconnect.apple.com/access/static/js/container.a7b929ca427f25f3.js:1
[   46212ms] [WARNING] eventQueue overflow, deleting LRU events: size is: 101 which is over max size: 100 @ https://appstoreconnect.apple.com/access/static/js/container.a7b929ca427f25f3.js:1
[   46251ms] [WARNING] eventQueue overflow, deleting LRU events: size is: 101 which is over max size: 100 @ https://appstoreconnect.apple.com/access/static/js/container.a7b929ca427f25f3.js:1
[   46255ms] [WARNING] eventQueue overflow, deleting LRU events: size is: 101 which is over max size: 100 @ https://appstoreconnect.apple.com/access/static/js/container.a7b929ca427f25f3.js:1
[   46299ms] [WARNING] eventQueue overflow, deleting LRU events: size is: 101 which is over max size: 100 @ https://appstoreconnect.apple.com/access/static/js/container.a7b929ca427f25f3.js:1
[   46299ms] [WARNING] eventQueue overflow, deleting LRU events: size is: 101 which is over max size: 100 @ https://appstoreconnect.apple.com/access/static/js/container.a7b929ca427f25f3.js:1
[   46328ms] [WARNING] eventQueue overflow, deleting LRU events: size is: 101 which is over max size: 100 @ https://appstoreconnect.apple.com/access/static/js/container.a7b929ca427f25f3.js:1
[   46538ms] [WARNING] eventQueue overflow, deleting LRU events: size is: 101 which is over max size: 100 @ https://appstoreconnect.apple.com/access/static/js/container.a7b929ca427f25f3.js:1
[   46538ms] [WARNING] eventQueue overflow, deleting LRU events: size is: 101 which is over max size: 100 @ https://appstoreconnect.apple.com/access/static/js/container.a7b929ca427f25f3.js:1
[   46543ms] [WARNING] eventQueue overflow, deleting LRU events: size is: 101 which is over max size: 100 @ https://appstoreconnect.apple.com/access/static/js/container.a7b929ca427f25f3.js:1
[   46579ms] [WARNING] eventQueue overflow, deleting LRU events: size is: 101 which is over max size: 100 @ https://appstoreconnect.apple.com/access/static/js/container.a7b929ca427f25f3.js:1
[   46581ms] [WARNING] eventQueue overflow, deleting LRU events: size is: 101 which is over max size: 100 @ https://appstoreconnect.apple.com/access/static/js/container.a7b929ca427f25f3.js:1
[   46703ms] [WARNING] eventQueue overflow, deleting LRU events: size is: 101 which is over max size: 100 @ https://appstoreconnect.apple.com/access/static/js/container.a7b929ca427f25f3.js:1
[   46739ms] [WARNING] eventQueue overflow, deleting LRU events: size is: 101 which is over max size: 100 @ https://appstoreconnect.apple.com/access/static/js/container.a7b929ca427f25f3.js:1
[   46755ms] [WARNING] eventQueue overflow, deleting LRU events: size is: 101 which is over max size: 100 @ https://appstoreconnect.apple.com/access/static/js/container.a7b929ca427f25f3.js:1
[   46770ms] [WARNING] eventQueue overflow, deleting LRU events: size is: 101 which is over max size: 100 @ https://appstoreconnect.apple.com/access/static/js/container.a7b929ca427f25f3.js:1
[   46770ms] [WARNING] eventQueue overflow, deleting LRU events: size is: 101 which is over max size: 100 @ https://appstoreconnect.apple.com/access/static/js/container.a7b929ca427f25f3.js:1
[   46770ms] [WARNING] eventQueue overflow, deleting LRU events: size is: 101 which is over max size: 100 @ https://appstoreconnect.apple.com/access/static/js/container.a7b929ca427f25f3.js:1
[   46900ms] [WARNING] eventQueue overflow, deleting LRU events: size is: 101 which is over max size: 100 @ https://appstoreconnect.apple.com/access/static/js/container.a7b929ca427f25f3.js:1
[   47115ms] [WARNING] eventQueue overflow, deleting LRU events: size is: 101 which is over max size: 100 @ https://appstoreconnect.apple.com/access/static/js/container.a7b929ca427f25f3.js:1
[   47183ms] [WARNING] eventQueue overflow, deleting LRU events: size is: 101 which is over max size: 100 @ https://appstoreconnect.apple.com/access/static/js/container.a7b929ca427f25f3.js:1
[ 1213225ms] [ERROR] Failed to load resource: the server responded with a status of 409 () @ https://appstoreconnect.apple.com/iris/v1/appScreenshotSets/0e9eebd8-3292-4399-9e16-5eaab0610014/relationships/appScreenshots:0
[ 1214101ms] [ERROR] Failed to load resource: the server responded with a status of 409 () @ https://appstoreconnect.apple.com/iris/v1/appScreenshotSets/0e9eebd8-3292-4399-9e16-5eaab0610014/relationships/appScreenshots:0
[ 1216320ms] [WARNING] Metrics config: No config provided via delegate or fetched via init(), using default/cached config values. @ https://appstoreconnect.apple.com/access/static/js/container.a7b929ca427f25f3.js:1
[ 1216320ms] [ERROR] {appName: appstore, payload: Array(1), eventKit: logger, env: PROD} @ https://appstoreconnect.apple.com/access/static/js/container.a7b929ca427f25f3.js:1
[ 1217987ms] [ERROR] Failed to load resource: the server responded with a status of 409 () @ https://appstoreconnect.apple.com/iris/v1/appScreenshotSets/0e9eebd8-3292-4399-9e16-5eaab0610014/relationships/appScreenshots:0
[ 1221072ms] [ERROR] {appName: appstore, payload: Array(1), eventKit: logger, env: PROD} @ https://appstoreconnect.apple.com/access/static/js/container.a7b929ca427f25f3.js:1
[ 1222426ms] [ERROR] Failed to load resource: the server responded with a status of 409 () @ https://appstoreconnect.apple.com/iris/v1/appScreenshotSets/0e9eebd8-3292-4399-9e16-5eaab0610014/relationships/appScreenshots:0
[ 1225492ms] [ERROR] {appName: appstore, payload: Array(1), eventKit: logger, env: PROD} @ https://appstoreconnect.apple.com/access/static/js/container.a7b929ca427f25f3.js:1
[ 1226615ms] [ERROR] Failed to load resource: the server responded with a status of 404 () @ https://appstoreconnect.apple.com/iris/v1/appScreenshots/891f6685-de4d-4688-b99f-17c572a20619:0
[ 1229680ms] [ERROR] {appName: appstore, payload: Array(1), eventKit: logger, env: PROD} @ https://appstoreconnect.apple.com/access/static/js/container.a7b929ca427f25f3.js:1
[ 1230072ms] [ERROR] Failed to load resource: the server responded with a status of 404 () @ https://appstoreconnect.apple.com/iris/v1/appScreenshots/891f6685-de4d-4688-b99f-17c572a20619:0
[ 1233168ms] [ERROR] {appName: appstore, payload: Array(1), eventKit: logger, env: PROD} @ https://appstoreconnect.apple.com/access/static/js/container.a7b929ca427f25f3.js:1
